01110000110100000011001011111100100110001000010000000110110101100111000101110000010011001110001100000000101010111011000110110100000010101100011100111001001010111101001000000000011010100000110111001000
