1 a 1 b 1 a 1 b 1 a 1 b 1 a 1 b 1 a 1 b 1 a 1 b
6 a 6 b
3 a 3 b 2 a 2 b 2 a
