1 2 +
9 8 + 7 + 6 +
1 2 3 - +
1 2 3 + 4 5 - + +
1 2 - 3 +
